2026-06-11T22:48:47.445-04:00  INFO 7712 --- [Membresias] [main] c.M.Membresias.MembresiasApplication     : Starting MembresiasApplication using Java 21.0.10 with PID 7712 (C:\Users\sebit\Desktop\Universidad\Programacion\Fullstack I\Membrecias\target\classes started by sebit in C:\Users\sebit\Desktop\Universidad\Programacion\Fullstack I\Membrecias)
2026-06-11T22:48:47.459-04:00 DEBUG 7712 --- [Membresias] [main] c.M.Membresias.MembresiasApplication     : Running with Spring Boot v4.0.6, Spring v7.0.7
2026-06-11T22:48:47.461-04:00  INFO 7712 --- [Membresias] [main] c.M.Membresias.MembresiasApplication     : No active profile set, falling back to 1 default profile: "default"
2026-06-11T22:48:49.104-04:00  INFO 7712 --- [Membresias] [main] .s.d.r.c.RepositoryConfigurationDelegate : Bootstrapping Spring Data JPA repositories in DEFAULT mode.
2026-06-11T22:48:49.400-04:00  INFO 7712 --- [Membresias] [main] .s.d.r.c.RepositoryConfigurationDelegate : Finished Spring Data repository scanning in 275 ms. Found 1 JPA repository interface.
2026-06-11T22:48:49.863-04:00  INFO 7712 --- [Membresias] [main] o.s.cloud.context.scope.GenericScope     : BeanFactory id=8974baf3-0add-354a-b5d1-c099f9c3dafb
2026-06-11T22:48:50.625-04:00  INFO 7712 --- [Membresias] [main] o.s.boot.tomcat.TomcatWebServer          : Tomcat initialized with port 8082 (http)
2026-06-11T22:48:50.656-04:00  INFO 7712 --- [Membresias] [main] o.apache.catalina.core.StandardService   : Starting service [Tomcat]
2026-06-11T22:48:50.657-04:00  INFO 7712 --- [Membresias] [main] o.apache.catalina.core.StandardEngine    : Starting Servlet engine: [Apache Tomcat/11.0.21]
2026-06-11T22:48:50.797-04:00  INFO 7712 --- [Membresias] [main] b.w.c.s.WebApplicationContextInitializer : Root WebApplicationContext: initialization completed in 3235 ms
2026-06-11T22:48:51.185-04:00  INFO 7712 --- [Membresias] [main] org.hibernate.orm.jpa                    : HHH008540: Processing PersistenceUnitInfo [name: default]
2026-06-11T22:48:51.323-04:00  INFO 7712 --- [Membresias] [main] org.hibernate.orm.core                   : HHH000001: Hibernate ORM core version 7.2.12.Final
2026-06-11T22:48:52.312-04:00  INFO 7712 --- [Membresias] [main] o.s.o.j.p.SpringPersistenceUnitInfo      : No LoadTimeWeaver setup: ignoring JPA class transformer
2026-06-11T22:48:52.366-04:00  INFO 7712 --- [Membresias] [main] com.zaxxer.hikari.HikariDataSource       : HikariPool-1 - Starting...
2026-06-11T22:48:52.627-04:00  INFO 7712 --- [Membresias] [main] com.zaxxer.hikari.pool.HikariPool        : HikariPool-1 - Added connection com.mysql.cj.jdbc.ConnectionImpl@65a2755e
2026-06-11T22:48:52.629-04:00  INFO 7712 --- [Membresias] [main] com.zaxxer.hikari.HikariDataSource       : HikariPool-1 - Start completed.
2026-06-11T22:48:52.694-04:00  WARN 7712 --- [Membresias] [main] org.hibernate.orm.core                   : HHH000511: The 5.5.5 version for [org.hibernate.dialect.MySQLDialect] is no longer supported, hence certain features may not work properly.The minimum supported version is 8.0.0. Check the community dialects project for available legacy versions.
2026-06-11T22:48:52.699-04:00  WARN 7712 --- [Membresias] [main] org.hibernate.orm.deprecation            : HHH90000025: MySQLDialect does not need to be specified explicitly using 'hibernate.dialect' (remove the property setting and it will be selected by default)
2026-06-11T22:48:52.730-04:00  INFO 7712 --- [Membresias] [main] org.hibernate.orm.connections.pooling    : HHH10001005: Database info:
	Database JDBC URL [jdbc:mysql://localhost:3306/membresias_db]
	Database driver: MySQL Connector/J
	Database dialect: MySQLDialect
	Database version: 5.5.5
	Default catalog/schema: membresias_db/undefined
	Autocommit mode: undefined/unknown
	Isolation level: REPEATABLE_READ [default REPEATABLE_READ]
	JDBC fetch size: none
	Pool: DataSourceConnectionProvider
	Minimum pool size: undefined/unknown
	Maximum pool size: undefined/unknown
2026-06-11T22:48:54.104-04:00  INFO 7712 --- [Membresias] [main] org.hibernate.orm.core                   : HHH000489: No JTA platform available (set 'hibernate.transaction.jta.platform' to enable JTA platform integration)
2026-06-11T22:48:54.195-04:00  INFO 7712 --- [Membresias] [main] j.LocalContainerEntityManagerFactoryBean : Initialized JPA EntityManagerFactory for persistence unit 'default'
2026-06-11T22:48:54.334-04:00  INFO 7712 --- [Membresias] [main] o.s.d.j.r.query.QueryEnhancerFactories   : Hibernate is in classpath; If applicable, HQL parser will be used.
2026-06-11T22:48:54.505-04:00  INFO 7712 --- [Membresias] [main] c.M.Membresias.Service.MembresiaService  : Membresia eliminada
2026-06-11T22:48:54.579-04:00  WARN 7712 --- [Membresias] [main] JpaBaseConfiguration$JpaWebConfiguration : spring.jpa.open-in-view is enabled by default. Therefore, database queries may be performed during view rendering. Explicitly configure spring.jpa.open-in-view to disable this warning
2026-06-11T22:48:55.530-04:00  INFO 7712 --- [Membresias] [main] DiscoveryClientOptionalArgsConfiguration : Eureka HTTP Client uses RestClient.
2026-06-11T22:48:55.606-04:00  WARN 7712 --- [Membresias] [main] iguration$LoadBalancerCaffeineWarnLogger : Spring Cloud LoadBalancer is currently working with the default cache. While this cache implementation is useful for development and tests, it's recommended to use Caffeine cache in production.You can switch to using Caffeine cache, by adding it and org.springframework.cache.caffeine.CaffeineCacheManager to the classpath.
2026-06-11T22:48:55.650-04:00  INFO 7712 --- [Membresias] [main] o.s.c.n.eureka.InstanceInfoFactory       : Setting initial instance status as: STARTING
2026-06-11T22:48:55.697-04:00  INFO 7712 --- [Membresias] [main] com.netflix.discovery.DiscoveryClient    : Initializing Eureka in region us-east-1
2026-06-11T22:48:55.704-04:00  INFO 7712 --- [Membresias] [main] c.n.d.s.r.aws.ConfigClusterResolver      : Resolving eureka endpoints via configuration
2026-06-11T22:48:55.723-04:00  INFO 7712 --- [Membresias] [main] com.netflix.discovery.DiscoveryClient    : Disable delta property : false
2026-06-11T22:48:55.723-04:00  INFO 7712 --- [Membresias] [main] com.netflix.discovery.DiscoveryClient    : Single vip registry refresh property : null
2026-06-11T22:48:55.724-04:00  INFO 7712 --- [Membresias] [main] com.netflix.discovery.DiscoveryClient    : Force full registry fetch : false
2026-06-11T22:48:55.724-04:00  INFO 7712 --- [Membresias] [main] com.netflix.discovery.DiscoveryClient    : Application is null : false
2026-06-11T22:48:55.724-04:00  INFO 7712 --- [Membresias] [main] com.netflix.discovery.DiscoveryClient    : Registered Applications size is zero : true
2026-06-11T22:48:55.725-04:00  INFO 7712 --- [Membresias] [main] com.netflix.discovery.DiscoveryClient    : Application version is -1: true
2026-06-11T22:48:55.725-04:00  INFO 7712 --- [Membresias] [main] com.netflix.discovery.DiscoveryClient    : Getting all instance registry info from the eureka server
2026-06-11T22:48:56.784-04:00  INFO 7712 --- [Membresias] [main] com.netflix.discovery.DiscoveryClient    : The response status is 200
2026-06-11T22:48:56.786-04:00  INFO 7712 --- [Membresias] [main] com.netflix.discovery.DiscoveryClient    : Starting heartbeat executor: renew interval is: 30
2026-06-11T22:48:56.795-04:00  INFO 7712 --- [Membresias] [main] c.n.discovery.InstanceInfoReplicator     : InstanceInfoReplicator onDemand update allowed rate per min is 4
2026-06-11T22:48:56.800-04:00  INFO 7712 --- [Membresias] [main] com.netflix.discovery.DiscoveryClient    : Discovery Client initialized at timestamp 1781232536798 with initial instances count: 0
2026-06-11T22:48:56.806-04:00  INFO 7712 --- [Membresias] [main] o.s.c.n.e.s.EurekaServiceRegistry        : Registering application MEMBRESIAS with eureka with status UP
2026-06-11T22:48:56.808-04:00  INFO 7712 --- [Membresias] [main] com.netflix.discovery.DiscoveryClient    : Saw local status change event StatusChangeEvent [timestamp=1781232536808, current=UP, previous=STARTING]
2026-06-11T22:48:56.812-04:00  INFO 7712 --- [Membresias] [DiscoveryClient-InstanceInfoReplicator-%d] com.netflix.discovery.DiscoveryClient    : DiscoveryClient_MEMBRESIAS/LAPTOP-TLGIUAT7:Membresias:8082: registering service...
2026-06-11T22:48:56.846-04:00  INFO 7712 --- [Membresias] [main] o.s.boot.tomcat.TomcatWebServer          : Tomcat started on port 8082 (http) with context path '/'
2026-06-11T22:48:56.848-04:00  INFO 7712 --- [Membresias] [main] .s.c.n.e.s.EurekaAutoServiceRegistration : Updating port to 8082
2026-06-11T22:48:56.874-04:00  INFO 7712 --- [Membresias] [main] c.M.Membresias.MembresiasApplication     : Started MembresiasApplication in 10.315 seconds (process running for 13.986)
2026-06-11T22:48:57.096-04:00  INFO 7712 --- [Membresias] [DiscoveryClient-InstanceInfoReplicator-%d] com.netflix.discovery.DiscoveryClient    : DiscoveryClient_MEMBRESIAS/LAPTOP-TLGIUAT7:Membresias:8082 - registration status: 204
2026-06-11T22:48:57.732-04:00  INFO 7712 --- [Membresias] [main] c.M.Membresias.config.DataInitializer    : Datos cargados
2026-06-11T22:49:26.797-04:00  INFO 7712 --- [Membresias] [DiscoveryClient-CacheRefreshExecutor-%d] com.netflix.discovery.DiscoveryClient    : Disable delta property : false
2026-06-11T22:49:26.798-04:00  INFO 7712 --- [Membresias] [DiscoveryClient-CacheRefreshExecutor-%d] com.netflix.discovery.DiscoveryClient    : Single vip registry refresh property : null
2026-06-11T22:49:26.799-04:00  INFO 7712 --- [Membresias] [DiscoveryClient-CacheRefreshExecutor-%d] com.netflix.discovery.DiscoveryClient    : Force full registry fetch : false
2026-06-11T22:49:26.800-04:00  INFO 7712 --- [Membresias] [DiscoveryClient-CacheRefreshExecutor-%d] com.netflix.discovery.DiscoveryClient    : Application is null : false
2026-06-11T22:49:26.800-04:00  INFO 7712 --- [Membresias] [DiscoveryClient-CacheRefreshExecutor-%d] com.netflix.discovery.DiscoveryClient    : Registered Applications size is zero : true
2026-06-11T22:49:26.800-04:00  INFO 7712 --- [Membresias] [DiscoveryClient-CacheRefreshExecutor-%d] com.netflix.discovery.DiscoveryClient    : Application version is -1: false
2026-06-11T22:49:26.801-04:00  INFO 7712 --- [Membresias] [DiscoveryClient-CacheRefreshExecutor-%d] com.netflix.discovery.DiscoveryClient    : Getting all instance registry info from the eureka server
2026-06-11T22:49:26.874-04:00  INFO 7712 --- [Membresias] [DiscoveryClient-CacheRefreshExecutor-%d] com.netflix.discovery.DiscoveryClient    : The response status is 200
2026-06-11T22:51:42.679-04:00  INFO 7712 --- [Membresias] [SpringApplicationShutdownHook] o.s.c.n.e.s.EurekaServiceRegistry        : Unregistering application MEMBRESIAS with eureka with status DOWN
2026-06-11T22:51:42.680-04:00  INFO 7712 --- [Membresias] [SpringApplicationShutdownHook] com.netflix.discovery.DiscoveryClient    : Saw local status change event StatusChangeEvent [timestamp=1781232702680, current=DOWN, previous=UP]
2026-06-11T22:51:42.682-04:00  INFO 7712 --- [Membresias] [DiscoveryClient-InstanceInfoReplicator-%d] com.netflix.discovery.DiscoveryClient    : DiscoveryClient_MEMBRESIAS/LAPTOP-TLGIUAT7:Membresias:8082: registering service...
2026-06-11T22:51:42.720-04:00  INFO 7712 --- [Membresias] [DiscoveryClient-InstanceInfoReplicator-%d] com.netflix.discovery.DiscoveryClient    : DiscoveryClient_MEMBRESIAS/LAPTOP-TLGIUAT7:Membresias:8082 - registration status: 204
2026-06-11T22:51:42.796-04:00  INFO 7712 --- [Membresias] [SpringApplicationShutdownHook] o.s.boot.tomcat.GracefulShutdown         : Commencing graceful shutdown. Waiting for active requests to complete
2026-06-11T22:51:42.837-04:00  INFO 7712 --- [Membresias] [tomcat-shutdown] o.s.boot.tomcat.GracefulShutdown         : Graceful shutdown complete
2026-06-11T22:51:42.882-04:00  INFO 7712 --- [Membresias] [SpringApplicationShutdownHook] j.LocalContainerEntityManagerFactoryBean : Closing JPA EntityManagerFactory for persistence unit 'default'
2026-06-11T22:51:42.952-04:00  INFO 7712 --- [Membresias] [SpringApplicationShutdownHook] com.zaxxer.hikari.HikariDataSource       : HikariPool-1 - Shutdown initiated...
2026-06-11T22:51:43.051-04:00  INFO 7712 --- [Membresias] [SpringApplicationShutdownHook] com.zaxxer.hikari.HikariDataSource       : HikariPool-1 - Shutdown completed.
2026-06-11T22:51:43.056-04:00  INFO 7712 --- [Membresias] [SpringApplicationShutdownHook] com.netflix.discovery.DiscoveryClient    : Shutting down DiscoveryClient ...
2026-06-11T22:51:46.068-04:00  INFO 7712 --- [Membresias] [SpringApplicationShutdownHook] com.netflix.discovery.DiscoveryClient    : Unregistering ...
2026-06-11T22:51:46.097-04:00  INFO 7712 --- [Membresias] [SpringApplicationShutdownHook] com.netflix.discovery.DiscoveryClient    : DiscoveryClient_MEMBRESIAS/LAPTOP-TLGIUAT7:Membresias:8082 - deregister  status: 200
2026-06-11T22:51:46.097-04:00  INFO 7712 --- [Membresias] [SpringApplicationShutdownHook] com.netflix.discovery.DiscoveryClient    : Completed shut down of DiscoveryClient
